Number of PEs (MPI ranks):    1
                           
Number of Nodes:              1
                           
Numbers of PEs per Node:      1
                           
Numbers of Threads per PE:    1
                           
Number of Cores per Socket:  64
Table 1:  Calltree View by Function

  Samp% |      Samp | Calltree
       
 100.0% | 118,961.0 | Total
|-----------------------------------------------------------------------------
| 100.0% | 118,961.0 | __libc_start_call_main
|        |           |  main
3        |           |   MAIN__
||||--------------------------------------------------------------------------
4|||  63.6% |  75,715.0 | __mo_hammoz_wetdep_MOD_wetdep_interface
|||||-------------------------------------------------------------------------
5||||  61.0% |  72,524.0 | __mo_ham_wetdep_MOD_ham_wetdep
||||||------------------------------------------------------------------------
6|||||  22.3% |  26,567.0 | __mo_ham_wetdep_MOD_ham_wetdep(exclusive)
6|||||  18.0% |  21,369.0 | __mo_ham_wetdep_MOD_ic_scav
|||||||-----------------------------------------------------------------------
7||||||   8.7% |  10,336.0 | __mo_ham_wetdep_MOD_ic_scav(exclusive)
7||||||   4.2% |   4,997.0 | __mo_ham_tools_MOD_scavcoef_bilinterp
||||||||----------------------------------------------------------------------
8|||||||   3.9% |   4,615.0 | __mo_ham_tools_MOD_scavcoef_bilinterp(exclusive)
8|||||||   0.2% |     291.0 | __memset_avx2_unaligned_erms
8|||||||   0.0% |      59.0 | __memcpy_avx_unaligned_erms
8|||||||   0.0% |      32.0 | malloc
||||||||======================================================================
7||||||   2.6% |   3,125.0 | __mo_ham_wetdep_MOD_ic_scav_nuc
||||||||----------------------------------------------------------------------
8|||||||   1.0% |   1,249.0 | __mo_ham_tools_MOD_ham_m7_invertlogtail
|||||||||---------------------------------------------------------------------
9||||||||   0.8% |     930.0 | __mo_ham_tools_MOD_ham_m7_invertlogtail(exclusive)
9||||||||   0.1% |     119.0 | exp
9||||||||   0.1% |     107.0 | log
9||||||||   0.0% |      35.0 | __memset_avx2_unaligned_erms
9||||||||   0.0% |      28.0 | __ieee754_log_fma
9||||||||   0.0% |      18.0 | malloc
9||||||||   0.0% |      12.0 | _init
|||||||||=====================================================================
8|||||||   0.9% |   1,116.0 | __memcpy_avx_unaligned_erms
8|||||||   0.6% |     710.0 | __mo_ham_wetdep_MOD_ic_scav_nuc(exclusive)
8|||||||   0.0% |      28.0 | free
8|||||||   0.0% |      20.0 | __mo_ham_tools_MOD_ham_m7_logtail
8|||||||   0.0% |       1.0 | malloc
8|||||||   0.0% |       1.0 | _gfortran_reshape_c16
||||||||======================================================================
7||||||   1.8% |   2,188.0 | __memset_avx2_unaligned_erms
7||||||   0.4% |     443.0 | free
7||||||   0.2% |     229.0 | exp
7||||||   0.0% |      50.0 | malloc
7||||||   0.0% |       1.0 | _gfortran_reshape_c16
|||||||=======================================================================
6|||||   8.2% |   9,759.0 | __mo_ham_tools_MOD_scavcoef_bilinterp
|||||||-----------------------------------------------------------------------
7||||||   7.7% |   9,150.0 | __mo_ham_tools_MOD_scavcoef_bilinterp(exclusive)
7||||||   0.3% |     353.0 | __memcpy_avx_unaligned_erms
7||||||   0.1% |     140.0 | __memset_avx2_unaligned_erms
7||||||   0.1% |     116.0 | malloc
|||||||=======================================================================
6|||||   5.4% |   6,448.0 | __memset_avx2_unaligned_erms
6|||||   3.0% |   3,619.0 | exp
6|||||   2.2% |   2,575.0 | free
6|||||   0.8% |     896.0 | __memcpy_avx_unaligned_erms
6|||||   0.5% |     627.0 | __log10_finite
6|||||   0.3% |     326.0 | __ieee754_log_fma
6|||||   0.1% |     130.0 | malloc
6|||||   0.1% |     112.0 | _init
6|||||   0.0% |      52.0 | log
6|||||   0.0% |      43.0 | log10
6|||||   0.0% |       1.0 | _gfortran_internal_pack
||||||========================================================================
5||||   1.3% |   1,494.0 | __mo_hammoz_wetdep_MOD_wetdep_interface(exclusive)
5||||   0.6% |     677.0 | __mo_ham_wetdep_MOD_prep_ham_mode_init
||||||------------------------------------------------------------------------
6|||||   0.2% |     296.0 | __mo_ham_wetdep_MOD_init_var_r_4d.isra.0
6|||||   0.2% |     292.0 | __mo_ham_wetdep_MOD_init_var_r_5d.isra.0
6|||||   0.1% |      89.0 | __mo_ham_wetdep_MOD_init_var_i_4d.isra.0
||||||========================================================================
5||||   0.3% |     363.0 | __memset_avx2_unaligned_erms
5||||   0.2% |     264.0 | exp
5||||   0.2% |     186.0 | __memcpy_avx_unaligned_erms
5||||   0.1% |     137.0 | pow
5||||   0.1% |      62.0 | free
5||||   0.0% |       8.0 | malloc
|||||=========================================================================
4|||  19.6% |  23,359.0 | __mo_ham_rad_MOD_ham_rad
|||||-------------------------------------------------------------------------
5||||   5.0% |   5,976.0 | __mo_ham_rad_MOD_ham_rad(exclusive)
5||||   4.8% |   5,763.0 | __memcpy_avx_unaligned_erms
5||||   4.8% |   5,688.0 | __mo_ham_rad_MOD_ham_rad_refrac.constprop.0
||||||------------------------------------------------------------------------
6|||||   3.9% |   4,651.0 | __mo_ham_rad_MOD_ham_rad_refrac.constprop.0(exclusive)
6|||||   0.9% |   1,032.0 | __memset_avx2_unaligned_erms
6|||||   0.0% |       4.0 | malloc
6|||||   0.0% |       1.0 | free
||||||========================================================================
5||||   2.9% |   3,486.0 | __memset_avx2_unaligned_erms
5||||   1.3% |   1,591.0 | __mo_ham_rad_MOD_ham_rad_fitplus
5||||   0.6% |     677.0 | __mo_ham_rad_MOD_interp_refr_index.constprop.0
5||||   0.1% |     177.0 | free
5||||   0.0% |       1.0 | _init
|||||=========================================================================
4|||   7.9% |   9,413.0 | __mo_ham_subm_MOD_ham_subm_interface
|||||-------------------------------------------------------------------------
5||||   7.3% |   8,706.0 | __mo_ham_m7_MOD_m7
||||||------------------------------------------------------------------------
6|||||   2.9% |   3,506.0 | __mo_ham_m7_MOD_m7_kappa
|||||||-----------------------------------------------------------------------
7||||||   2.0% |   2,364.0 | __mo_ham_m7_MOD_m7_kappa(exclusive)
7||||||   0.4% |     460.0 | pow
7||||||   0.2% |     270.0 | __memset_avx2_unaligned_erms
7||||||   0.1% |     171.0 | lround
7||||||   0.1% |     166.0 | __ieee754_log_fma
7||||||   0.0% |      33.0 | free
7||||||   0.0% |      23.0 | log
7||||||   0.0% |      10.0 | _init
7||||||   0.0% |       9.0 | malloc
|||||||=======================================================================
6|||||   1.9% |   2,293.0 | __mo_ham_m7_MOD_m7_averageproperties
|||||||-----------------------------------------------------------------------
7||||||   1.2% |   1,428.0 | __mo_ham_m7_MOD_m7_averageproperties(exclusive)
7||||||   0.5% |     649.0 | pow
7||||||   0.2% |     187.0 | __memset_avx2_unaligned_erms
7||||||   0.0% |      23.0 | free
7||||||   0.0% |       6.0 | _init
|||||||=======================================================================
6|||||   1.1% |   1,264.0 | __mo_ham_m7_MOD_m7(exclusive)
6|||||   0.6% |     659.0 | __mo_ham_m7_MOD_m7_delcoa
|||||||-----------------------------------------------------------------------
7||||||   0.4% |     486.0 | __mo_ham_m7_MOD_m7_delcoa(exclusive)
7||||||   0.1% |     165.0 | __mo_ham_m7_MOD_m7_coat
||||||||----------------------------------------------------------------------
8|||||||   0.1% |      82.0 | __mo_ham_m7_MOD_m7_coat(exclusive)
8|||||||   0.0% |      48.0 | malloc
8|||||||   0.0% |      33.0 | free
8|||||||   0.0% |       2.0 | _init
||||||||======================================================================
7||||||   0.0% |       8.0 | __memset_avx2_unaligned_erms
|||||||=======================================================================
6|||||   0.3% |     353.0 | __memset_avx2_unaligned_erms
6|||||   0.3% |     327.0 | __mo_ham_m7_MOD_m7_dconc
|||||||-----------------------------------------------------------------------
7||||||   0.2% |     268.0 | __mo_ham_m7_MOD_m7_dconc(exclusive)
7||||||   0.0% |      47.0 | __memcpy_avx_unaligned_erms
7||||||   0.0% |      11.0 | free
7||||||   0.0% |       1.0 | malloc
|||||||=======================================================================
6|||||   0.2% |     277.0 | pow
6|||||   0.0% |      23.0 | free
6|||||   0.0% |       2.0 | __memcpy_avx_unaligned_erms
6|||||   0.0% |       2.0 | _init
||||||========================================================================
5||||   0.5% |     615.0 | __mo_ham_subm_MOD_ham_subm_interface(exclusive)
5||||   0.0% |      34.0 | __memcpy_avx_unaligned_erms
5||||   0.0% |      27.0 | __memset_avx2_unaligned_erms
5||||   0.0% |      19.0 | __mo_tracer_processes_MOD_xt_borrow
5||||   0.0% |      12.0 | free
|||||=========================================================================
4|||   3.1% |   3,741.0 | MAIN__(exclusive)
4|||   1.4% |   1,724.0 | __mo_ham_activ_MOD_ham_activ_abdulrazzak_ghan
|||||-------------------------------------------------------------------------
5||||   1.1% |   1,282.0 | __mo_ham_activ_MOD_ham_activ_abdulrazzak_ghan(exclusive)
5||||   0.2% |     251.0 | __mo_ham_tools_MOD_ham_m7_logtail
5||||   0.1% |     118.0 | __memset_avx2_unaligned_erms
5||||   0.1% |      62.0 | pow
5||||   0.0% |       5.0 | __memcpy_avx_unaligned_erms
5||||   0.0% |       5.0 | free
5||||   0.0% |       1.0 | malloc
|||||=========================================================================
4|||   1.0% |   1,223.0 | __mo_hammoz_sedimentation_MOD_sedi_interface
|||||-------------------------------------------------------------------------
5||||   0.8% |   1,008.0 | __mo_ham_sedimentation_MOD_ham_sedimentation
||||||------------------------------------------------------------------------
6|||||   0.8% |     959.0 | __mo_ham_sedimentation_MOD_ham_sedimentation(exclusive)
6|||||   0.0% |      49.0 | __memset_avx2_unaligned_erms
||||||========================================================================
5||||   0.1% |     112.0 | __memcpy_avx_unaligned_erms
5||||   0.0% |      59.0 | __mo_hammoz_sedimentation_MOD_sedi_interface(exclusive)
5||||   0.0% |      44.0 | __mo_ham_sedimentation_MOD_ham_prep_sedi
|||||=========================================================================
4|||   0.8% |     992.0 | __memcpy_avx_unaligned_erms
4|||   0.7% |     860.0 | __mo_activ_MOD_activ_updraft
|||||-------------------------------------------------------------------------
5||||   0.5% |     614.0 | exp
5||||   0.1% |     158.0 | __mo_activ_MOD_activ_updraft(exclusive)
5||||   0.1% |      69.0 | pow
5||||   0.0% |      11.0 | _init
5||||   0.0% |       8.0 | __memset_avx2_unaligned_erms
|||||=========================================================================
4|||   0.6% |     773.0 | __mo_read_netcdf77_MOD_read_var_nf77_4d
|||||-------------------------------------------------------------------------
5||||   0.6% |     722.0 | nf_get_vara_double_
5||||   0.0% |      46.0 | __mo_read_netcdf77_MOD_read_var_nf77_4d(exclusive)
5||||   0.0% |       2.0 | nf__open_
5||||   0.0% |       2.0 | free
5||||   0.0% |       1.0 | nf_close_
|||||=========================================================================
4|||   0.3% |     326.0 | __mo_ham_activ_MOD_ham_activ_koehler_ab
|||||-------------------------------------------------------------------------
5||||   0.2% |     221.0 | __mo_ham_activ_MOD_ham_activ_koehler_ab(exclusive)
5||||   0.1% |     101.0 | __memset_avx2_unaligned_erms
5||||   0.0% |       2.0 | free
5||||   0.0% |       2.0 | malloc
|||||=========================================================================
4|||   0.3% |     304.0 | __mo_ham_init_MOD_ham_initialize
|||||-------------------------------------------------------------------------
5||||   0.2% |     182.0 | __mo_ham_kappa_MOD_start_kappa
||||||------------------------------------------------------------------------
6|||||   0.2% |     181.0 | __mo_read_netcdf77_MOD_read_var_nf77_4d
|||||||-----------------------------------------------------------------------
7||||||   0.2% |     179.0 | nf_get_vara_double_
7||||||   0.0% |       2.0 | _gfortran_reshape_r8
|||||||=======================================================================
6|||||   0.0% |       1.0 | nf__open_
||||||========================================================================
5||||   0.1% |     122.0 | __mo_ham_rad_MOD_ham_rad_initialize
6||||        |           |  __mo_read_netcdf77_MOD_read_var_nf77_3d
|||||||-----------------------------------------------------------------------
7||||||   0.1% |     112.0 | nf_get_vara_double_
7||||||   0.0% |       6.0 | __mo_read_netcdf77_MOD_read_var_nf77_3d(exclusive)
7||||||   0.0% |       4.0 | nf__open_
|||||=========================================================================
4|||   0.2% |     287.0 | __memset_avx2_unaligned_erms
4|||   0.1% |     105.0 | __mo_convert_concentrations_MOD_mmr2conc
4|||   0.1% |      82.0 | _ZGVdN4vv_pow_avx2
4|||   0.0% |      23.0 | __mo_hammoz_drydep_MOD_drydep_interface
|||||-------------------------------------------------------------------------
5||||   0.0% |       9.0 | __mo_hammoz_drydep_MOD_drydep_interface(exclusive)
5||||   0.0% |       7.0 | exp
5||||   0.0% |       5.0 | __mo_ham_drydep_MOD_ham_vdaer
||||||------------------------------------------------------------------------
6|||||   0.0% |       3.0 | pow
6|||||   0.0% |       2.0 | __mo_ham_drydep_MOD_ham_vdaer(exclusive)
||||||========================================================================
5||||   0.0% |       2.0 | __memset_avx2_unaligned_erms
|||||=========================================================================
4|||   0.0% |      20.0 | __mo_convert_concentrations_MOD_gas2mmr
4|||   0.0% |       7.0 | _gfortran_reshape_r8
4|||   0.0% |       4.0 | _gfortran_st_read_done
4|||   0.0% |       2.0 | __mo_ham_init_MOD_start_ham
5|||        |           |  __mo_ham_subm_species_MOD_map_ham_subm_species
6|||        |           |   __mo_exception_MOD_message
7|||        |           |    _gfortran_st_read_done
4|||   0.0% |       1.0 | __ieee754_log_fma
|=============================================================================

========================  Additional details  ========================
