Number of PEs (MPI ranks):    1
                           
Number of Nodes:              1
                           
Numbers of PEs per Node:      1
                           
Numbers of Threads per PE:    1
                           
Number of Cores per Socket:  64
Table 1:  Calltree View by Function

  Samp% |    Samp | Calltree
       
 100.0% | 9,967.0 | Total
|-----------------------------------------------------------------------------
| 100.0% | 9,967.0 | __libc_start_call_main
|        |         |  main
3        |         |   MAIN__
||||--------------------------------------------------------------------------
4|||  66.5% | 6,626.0 | __mo_subm_interface_lite_MOD_radiation_subm_1
|||||-------------------------------------------------------------------------
5||||  64.8% | 6,456.0 | __mo_ham_lite_rad_MOD_ham_lite_rad
||||||------------------------------------------------------------------------
6|||||  33.7% | 3,359.0 | __mo_ham_lite_rad_MOD_ham_lite_rad(exclusive)
6|||||  29.0% | 2,894.0 | __memset_avx2_unaligned_erms
6|||||   0.8% |    75.0 | __mo_ham_lite_misc_MOD_ham_lite_relhum
|||||||-----------------------------------------------------------------------
7||||||   0.7% |    65.0 | __mo_ham_lite_misc_MOD_ham_lite_relhum(exclusive)
7||||||   0.1% |    10.0 | lround
|||||||=======================================================================
6|||||   0.6% |    62.0 | __mo_ham_lite_misc_MOD_ham_lite_rindex
|||||||-----------------------------------------------------------------------
7||||||   0.4% |    40.0 | __mo_ham_lite_misc_MOD_ham_lite_rindex(exclusive)
7||||||   0.2% |    15.0 | __ieee754_log_fma
7||||||   0.0% |     4.0 | lround
7||||||   0.0% |     3.0 | log
|||||||=======================================================================
6|||||   0.5% |    47.0 | free
6|||||   0.2% |    19.0 | __memcpy_avx_unaligned_erms
||||||========================================================================
5||||   1.5% |   149.0 | __memset_avx2_unaligned_erms
5||||   0.1% |    11.0 | __mo_ham_lite_rad_MOD_ham_lite_rad_cache
6||||        |         |  malloc
5||||   0.1% |     9.0 | __mo_subm_interface_lite_MOD_radiation_subm_1(exclusive)
5||||   0.0% |     1.0 | __memcpy_avx_unaligned_erms
|||||=========================================================================
4|||  14.1% | 1,402.0 | __mo_subm_interface_lite_MOD_cloud_mig_subm_1
|||||-------------------------------------------------------------------------
5||||  13.4% | 1,339.0 | __mo_ham_lite_act_MOD_ham_lite_act_nact
||||||------------------------------------------------------------------------
6|||||   7.3% |   729.0 | __mo_ham_lite_misc_MOD_ham_lite_tail
|||||||-----------------------------------------------------------------------
7||||||   4.8% |   482.0 | __mo_ham_lite_misc_MOD_ham_lite_tail(exclusive)
7||||||   1.4% |   137.0 | exp
7||||||   0.7% |    74.0 | __ieee754_log_fma
7||||||   0.2% |    20.0 | _init
7||||||   0.2% |    16.0 | log
|||||||=======================================================================
6|||||   4.1% |   405.0 | pow
6|||||   1.6% |   160.0 | __mo_ham_lite_act_MOD_ham_lite_act_nact(exclusive)
6|||||   0.4% |    40.0 | __memset_avx2_unaligned_erms
6|||||   0.0% |     4.0 | __memcpy_avx_unaligned_erms
6|||||   0.0% |     1.0 | _init
||||||========================================================================
5||||   0.6% |    56.0 | __mo_ham_lite_act_MOD_ham_lite_act_cdnc
5||||   0.1% |     7.0 | __mo_ham_lite_act_MOD_ham_lite_act_para
|||||=========================================================================
4|||   7.2% |   720.0 | __mo_ham_lite_convert_concentrations_MOD_conc2mmr
|||||-------------------------------------------------------------------------
5||||   7.0% |   694.0 | __mo_ham_lite_convert_concentrations_MOD_conc2mmr(exclusive)
5||||   0.3% |    26.0 | __memset_avx2_unaligned_erms
|||||=========================================================================
4|||   5.0% |   502.0 | read_3d_input_ham_box.1
|||||-------------------------------------------------------------------------
5||||   4.9% |   491.0 | __mo_util_netcdf77_lite_MOD_read_var_nf77_4d
||||||------------------------------------------------------------------------
6|||||   4.4% |   442.0 | nf_get_vara_double_
6|||||   0.4% |    41.0 | __mo_util_netcdf77_lite_MOD_read_var_nf77_4d(exclusive)
6|||||   0.1% |     7.0 | nf_open_
6|||||   0.0% |     1.0 | nf_close_
||||||========================================================================
5||||   0.1% |     8.0 | read_3d_input_ham_box.1(exclusive)
5||||   0.0% |     3.0 | distribute_3d_field.0
|||||=========================================================================
4|||   3.0% |   300.0 | __mo_subm_interface_lite_MOD_aes_phy_main_subm
|||||-------------------------------------------------------------------------
5||||   2.9% |   288.0 | __mo_hammoz_lite_sed_MOD_sed_lite_interface
||||||------------------------------------------------------------------------
6|||||   1.8% |   175.0 | __mo_ham_lite_sed_MOD_ham_lite_sed
6|||||   0.9% |    94.0 | __mo_ham_lite_sed_MOD_ham_lite_prep_sed
|||||||-----------------------------------------------------------------------
7||||||   0.9% |    91.0 | __mo_ham_lite_misc_MOD_ham_lite_dyvisc
||||||||----------------------------------------------------------------------
8|||||||   0.9% |    88.0 | pow
8|||||||   0.0% |     3.0 | __mo_ham_lite_misc_MOD_ham_lite_dyvisc(exclusive)
||||||||======================================================================
7||||||   0.0% |     3.0 | __mo_ham_lite_sed_MOD_ham_lite_prep_sed(exclusive)
|||||||=======================================================================
6|||||   0.1% |    14.0 | __memset_avx2_unaligned_erms
6|||||   0.1% |     5.0 | __mo_hammoz_lite_sed_MOD_sed_lite_interface(exclusive)
||||||========================================================================
5||||   0.1% |    12.0 | __mo_subm_interface_lite_MOD_aes_phy_main_subm(exclusive)
|||||=========================================================================
4|||   1.2% |   123.0 | MAIN__(exclusive)
4|||   1.0% |   101.0 | __mo_subm_interface_lite_MOD_cloud_mig_subm_2
|||||-------------------------------------------------------------------------
5||||   0.9% |    91.0 | __mo_hammoz_lite_wetdep_MOD_wetdep_lite_interface
||||||------------------------------------------------------------------------
6|||||   0.7% |    73.0 | __mo_ham_lite_wetdep_MOD_ham_lite_wetdep
6|||||   0.2% |    15.0 | __mo_ham_lite_wetdep_MOD_ham_lite_prep_wetdep
6|||||   0.0% |     3.0 | __memset_avx2_unaligned_erms
||||||========================================================================
5||||   0.1% |    10.0 | __memset_avx2_unaligned_erms
|||||=========================================================================
4|||   0.8% |    84.0 | __mo_subm_interface_lite_MOD_radiation_subm_2
5|||        |         |  __mo_ham_lite_rad_MOD_ham_lite_rad_cache_cleanup
6|||        |         |   free
4|||   0.6% |    56.0 | __mo_subm_interface_lite_MOD_interface_tmx_subm
|||||-------------------------------------------------------------------------
5||||   0.5% |    48.0 | __mo_hammoz_lite_drydep_MOD_drydep_lite_interface
6||||        |         |  __mo_ham_lite_drydep_MOD_ham_lite_drydep
|||||||-----------------------------------------------------------------------
7||||||   0.4% |    40.0 | __mo_ham_lite_drydep_MOD_ham_lite_drydep(exclusive)
7||||||   0.1% |     6.0 | pow
7||||||   0.0% |     2.0 | exp
|||||||=======================================================================
5||||   0.1% |     8.0 | __mo_subm_interface_lite_MOD_interface_tmx_subm(exclusive)
|||||=========================================================================
4|||   0.3% |    30.0 | __mo_subm_interface_lite_MOD_init_hamlite_submodel
5|||        |         |  __mo_ham_lite_init_MOD_ham_lite_init
||||||------------------------------------------------------------------------
6|||||   0.2% |    17.0 | __mo_ham_lite_rad_MOD_ham_lite_rad_init
7|||||        |         |  __mo_util_netcdf77_lite_MOD_read_var_nf77_3d
||||||||----------------------------------------------------------------------
8|||||||   0.1% |    10.0 | nf_get_vara_double_
8|||||||   0.0% |     4.0 | __mo_util_netcdf77_lite_MOD_read_var_nf77_3d(exclusive)
8|||||||   0.0% |     3.0 | nf_open_
||||||||======================================================================
6|||||   0.1% |    12.0 | __mo_ham_lite_kappa_MOD_start_kappa
|||||||-----------------------------------------------------------------------
7||||||   0.1% |    10.0 | __mo_util_netcdf77_lite_MOD_read_var_nf77_4d
||||||||----------------------------------------------------------------------
8|||||||   0.1% |     7.0 | nf_get_vara_double_
8|||||||   0.0% |     2.0 | _gfortran_reshape_r8
8|||||||   0.0% |     1.0 | _gfortran_reshape_c16
||||||||======================================================================
7||||||   0.0% |     2.0 | __mo_netcdf_parallel_lite_MOD_p_nf90_open
8||||||        |         |  __netcdf_MOD_nf90_open
|||||||=======================================================================
6|||||   0.0% |     1.0 | __mo_ham_lite_rad_MOD_ham_lite_rad_calc
7|||||        |         |  __mo_ham_lite_rad_MOD_ham_rad_refrac.isra.0
||||||========================================================================
4|||   0.1% |     9.0 | __mo_ham_lite_convert_concentrations_MOD_mmr2conc
4|||   0.1% |     5.0 | __memset_avx2_unaligned_erms
4|||   0.0% |     2.0 | _gfortran_st_read_done
4|||   0.0% |     2.0 | __mo_ham_lite_misc_MOD_ham_lite_mprops
|||||-------------------------------------------------------------------------
5||||   0.0% |     1.0 | __mo_ham_lite_misc_MOD_ham_lite_relhum
5||||   0.0% |     1.0 | __mo_ham_lite_misc_MOD_ham_lite_rindex
6||||        |         |  __ieee754_log_fma
|||||=========================================================================
4|||   0.0% |     2.0 | _gfortran_execute_command_line_i4
4|||   0.0% |     1.0 | _gfortran_st_set_nml_var_dim
4|||   0.0% |     1.0 | __mo_aes_convect_tables_lite_MOD_init_convect_tables
4|||   0.0% |     1.0 | _gfortran_st_open
|=============================================================================

========================  Additional details  ========================
