  Time step      1 /    100
  Time step      2 /    100
  Time step      3 /    100
  Time step      4 /    100
  Time step      5 /    100
  Time step      6 /    100
  Time step      7 /    100
  Time step      8 /    100
  Time step      9 /    100
  Time step     10 /    100
  Time step     11 /    100
  Time step     12 /    100
  Time step     13 /    100
  Time step     14 /    100
  Time step     15 /    100
  Time step     16 /    100
  Time step     17 /    100
  Time step     18 /    100
  Time step     19 /    100
  Time step     20 /    100
  Time step     21 /    100
  Time step     22 /    100
  Time step     23 /    100
  Time step     24 /    100
  Time step     25 /    100
  Time step     26 /    100
  Time step     27 /    100
  Time step     28 /    100
  Time step     29 /    100
  Time step     30 /    100
  Time step     31 /    100
  Time step     32 /    100
  Time step     33 /    100
  Time step     34 /    100
  Time step     35 /    100
  Time step     36 /    100
  Time step     37 /    100
  Time step     38 /    100
  Time step     39 /    100
  Time step     40 /    100
  Time step     41 /    100
  Time step     42 /    100
  Time step     43 /    100
  Time step     44 /    100
  Time step     45 /    100
  Time step     46 /    100
  Time step     47 /    100
  Time step     48 /    100
  Time step     49 /    100
  Time step     50 /    100
  Time step     51 /    100
  Time step     52 /    100
  Time step     53 /    100
  Time step     54 /    100
  Time step     55 /    100
  Time step     56 /    100
  Time step     57 /    100
  Time step     58 /    100
  Time step     59 /    100
  Time step     60 /    100
  Time step     61 /    100
  Time step     62 /    100
  Time step     63 /    100
  Time step     64 /    100
  Time step     65 /    100
  Time step     66 /    100
  Time step     67 /    100
  Time step     68 /    100
  Time step     69 /    100
  Time step     70 /    100
  Time step     71 /    100
  Time step     72 /    100
  Time step     73 /    100
  Time step     74 /    100
  Time step     75 /    100
  Time step     76 /    100
  Time step     77 /    100
  Time step     78 /    100
  Time step     79 /    100
  Time step     80 /    100
  Time step     81 /    100
  Time step     82 /    100
  Time step     83 /    100
  Time step     84 /    100
  Time step     85 /    100
  Time step     86 /    100
  Time step     87 /    100
  Time step     88 /    100
  Time step     89 /    100
  Time step     90 /    100
  Time step     91 /    100
  Time step     92 /    100
  Time step     93 /    100
  Time step     94 /    100
  Time step     95 /    100
  Time step     96 /    100
  Time step     97 /    100
  Time step     98 /    100
  Time step     99 /    100
  Time step    100 /    100
----------------------------------------
initialization summary:
  Calls        : 1
  Total time   :    11.870070 s
  Mean time    :    11.870070 s
  Last duration:    11.870070 s
----------------------------------------
----------------------------------------
compute loop summary:
  Calls        : 100
  Total time   :  1183.754142 s
  Mean time    :    11.837541 s
  Last duration:    11.788279 s
----------------------------------------
----------------------------------------
aerosol microphys summary:
  Calls        : 100
  Total time   :    95.269748 s
  Mean time    :     0.952697 s
  Last duration:     0.950150 s
----------------------------------------
----------------------------------------
cloud microphys summary:
  Calls        : 100
  Total time   :    30.061415 s
  Mean time    :     0.300614 s
  Last duration:     0.298081 s
----------------------------------------
----------------------------------------
wet deposition summary:
  Calls        : 100
  Total time   :   773.239721 s
  Mean time    :     7.732397 s
  Last duration:     7.726575 s
----------------------------------------
----------------------------------------
dry deposition summary:
  Calls        : 100
  Total time   :    32.204198 s
  Mean time    :     0.322042 s
  Last duration:     0.319253 s
----------------------------------------
----------------------------------------
sedimentation summary:
  Calls        : 100
  Total time   :    13.980904 s
  Mean time    :     0.139809 s
  Last duration:     0.139044 s
----------------------------------------
----------------------------------------
HAM radiation summary:
  Calls        : 100
  Total time   :   235.611538 s
  Mean time    :     2.356115 s
  Last duration:     2.321544 s
----------------------------------------
